// Jest Snapshot v1, https://goo.gl/fbAQLP

exports[`CdrImg renders correctly 1`] = `
<img
  alt="test alt"
  class="cdr-image"
  src="http://via.placeholder.com/350x150"
/>
`;

exports[`CdrImg renders crop/ratio correctly 1`] = `
<div
  class="cdr-image-ratio"
  style="--ratio: 100%;"
>
  <img
    alt="crop left"
    class="cdr-image cdr-image-ratio__cover cdr-image-ratio__cover--crop cdr-image-ratio__cover--cover"
    src="http://placehold.it/1920x1080"
    style="object-position: left;"
  />
</div>
`;
