// Jest Snapshot v1, https://goo.gl/fbAQLP

exports[`CdrRadio renders an input 1`] = `
<div
  class="cdr-label-wrapper__container cdr-radio"
>
  <label
    class="cdr-label-wrapper cdr-label-wrapper--primary cdr-label-wrapper--medium"
  >
    <input
      class="cdr-radio__input"
      name="testName"
      type="radio"
    />
    <span
      class="cdr-label-wrapper__figure"
    />
    <div
      class="cdr-label-wrapper__content"
    />
  </label>
</div>
`;
