// Jest Snapshot v1, https://goo.gl/fbAQLP

exports[`CdrAccordion renders correctly 1`] = `
<div
  class="cdr-accordion"
  id="test-accordion"
>
  <h2
    class="cdr-accordion__header"
  >
    <button
      aria-controls="test-collapsible"
      aria-expanded="false"
      class="cdr-accordion__button js-cdr-accordion-button"
      id="test"
    >
      <span
        class="cdr-accordion__label"
        id="test-label"
      >
        label
      </span>
      <icon-caret-down-stub
        class="cdr-accordion__icon closed"
        space=""
      />
    </button>
  </h2>
  <div
    class="cdr-accordion__content-container closed"
    style="max-height: 0;"
  >
    <div
      aria-hidden="true"
      class="cdr-accordion__content closed"
      id="test-collapsible"
    >
      This is some slot text.
    </div>
  </div>
</div>
`;
