// Jest Snapshot v1, https://goo.gl/fbAQLP

exports[`CdrRating renders correctly 1`] = `
<a
  class="cdr-rating cdr-rating--medium cdr-rating--linked"
  href="rei.com"
>
  <div
    class="cdr-rating__ratings"
  >
    
    <span
      aria-hidden="true"
      class="cdr-rating__icon cdr-rating__100"
    />
    <span
      aria-hidden="true"
      class="cdr-rating__icon cdr-rating__100"
    />
    <span
      aria-hidden="true"
      class="cdr-rating__icon cdr-rating__100"
    />
    
    <span
      aria-hidden="true"
      class="cdr-rating__icon cdr-rating__25"
    />
    
    <span
      aria-hidden="true"
      class="cdr-rating__icon cdr-rating__placeholder"
    />
    
  </div>
  <span
    aria-hidden="true"
    class="cdr-rating__count"
  >
    <span
      class="cdr-rating__number"
    >
      3.2
    </span>
    <span>
      100
    </span>
    <span>
        Reviews 
    </span>
  </span>
  <span
    class="cdr-rating__caption-sr"
  >
    View the 100 reviews with an average rating of 3.2 out of 5 stars
  </span>
</a>
`;
